// Jest Snapshot v1, https://goo.gl/fbAQLP

exports[`NonfungiblePositionManager #burn gas 1`] = `41297`;

exports[`NonfungiblePositionManager #collect gas transfers both 1`] = `98651`;

exports[`NonfungiblePositionManager #collect gas transfers token0 only 1`] = `111978`;

exports[`NonfungiblePositionManager #collect gas transfers token1 only 1`] = `112185`;

exports[`NonfungiblePositionManager #createAndInitializePoolIfNecessary gas 1`] = `4612044`;

exports[`NonfungiblePositionManager #decreaseLiquidity gas complete decrease 1`] = `91780`;

exports[`NonfungiblePositionManager #decreaseLiquidity gas partial decrease 1`] = `159094`;

exports[`NonfungiblePositionManager #increaseLiquidity gas 1`] = `174321`;

exports[`NonfungiblePositionManager #mint gas first mint for pool 1`] = `617146`;

exports[`NonfungiblePositionManager #mint gas first mint for pool using eth with non-zero refund 1`] = `627551`;

exports[`NonfungiblePositionManager #mint gas first mint for pool using eth with zero refund 1`] = `620326`;

exports[`NonfungiblePositionManager #mint gas mint for same pool, different ticks 1`] = `449602`;

exports[`NonfungiblePositionManager #mint gas mint on same ticks 1`] = `342472`;

exports[`NonfungiblePositionManager #permit owned by eoa gas 1`] = `64448`;

exports[`NonfungiblePositionManager #permit owned by verifying contract gas 1`] = `68245`;

exports[`NonfungiblePositionManager #transferFrom gas 1`] = `79090`;

exports[`NonfungiblePositionManager #transferFrom gas comes from approved 1`] = `67490`;

exports[`NonfungiblePositionManager bytecode size 1`] = `24451`;

exports[`NonfungiblePositionManager multicall exit gas 1`] = `141879`;
