// Jest Snapshot v1, https://goo.gl/fbAQLP

exports[`PositionValue #fees when price is above the position range gas 1`] = `47663`;

exports[`PositionValue #fees when price is below the position range gas 1`] = `47631`;

exports[`PositionValue #fees when price is within the position range gas 1`] = `53221`;

exports[`PositionValue #principal gas 1`] = `23001`;

exports[`PositionValue #total gas 1`] = `59782`;
